// Jest Snapshot v1, https://goo.gl/fbAQLP

exports[`DeleteEntryModal renders 1`] = `
"<Modal className=\\"delete-entry\\" closeIcon={true} open={true} onClose={[Function: mockConstructor] { _isMockFunction: true, getMockImplementation: [Function (anonymous)], mock: Object [Object: null prototype] { calls: [], instances: [], invocationCallOrder: [], results: [] }, mockClear: [Function (anonymous)], mockReset: [Function (anonymous)], mockRestore: [Function (anonymous)], mockReturnValueOnce: [Function (anonymous)], mockResolvedValueOnce: [Function (anonymous)], mockRejectedValueOnce: [Function (anonymous)], mockReturnValue: [Function (anonymous)], mockResolvedValue: [Function (anonymous)], mockRejectedValue: [Function (anonymous)], mockImplementationOnce: [Function (anonymous)], mockImplementation: [Function (anonymous)], mockReturnThis: [Function (anonymous)], mockName: [Function (anonymous)], getMockName: [Function (anonymous)] }} size=\\"tiny\\" centered={true} dimmer={true} closeOnDimmerClick={true} closeOnDocumentClick={false} eventPool=\\"Modal\\">
  <Header icon=\\"delete\\" content=\\"header\\" />
  <ModalContent className=\\"delete-entry__content\\">
    <h4>
      deleteEntry.header
    </h4>
    <div>
      <b>
        table.headers.status
        : 
      </b>
      relaxed
    </div>
    <div>
      <b>
        table.headers.intensity
        : 
      </b>
      0
    </div>
    <div>
      <b>
        table.headers.enteredAt
        : 
      </b>
      Jun 20, 2021 12:00 AM
    </div>
  </ModalContent>
  <ModalActions className=\\"delete-entry__actions\\">
    <Button className=\\"delete-entry__actions__yes\\" color=\\"green\\" onClick={[Function: deleteMoodEntry]} as=\\"button\\">
      <Icon name=\\"checkmark\\" as=\\"i\\" />
       
      buttons.yes
    </Button>
    <Button className=\\"delete-entry__actions__no\\" onClick={[Function: mockConstructor] { _isMockFunction: true, getMockImplementation: [Function (anonymous)], mock: Object [Object: null prototype] { calls: [], instances: [], invocationCallOrder: [], results: [] }, mockClear: [Function (anonymous)], mockReset: [Function (anonymous)], mockRestore: [Function (anonymous)], mockReturnValueOnce: [Function (anonymous)], mockResolvedValueOnce: [Function (anonymous)], mockRejectedValueOnce: [Function (anonymous)], mockReturnValue: [Function (anonymous)], mockResolvedValue: [Function (anonymous)], mockRejectedValue: [Function (anonymous)], mockImplementationOnce: [Function (anonymous)], mockImplementation: [Function (anonymous)], mockReturnThis: [Function (anonymous)], mockName: [Function (anonymous)], getMockName: [Function (anonymous)] }} as=\\"button\\">
      <Icon name=\\"remove\\" as=\\"i\\" />
       
      buttons.no
    </Button>
  </ModalActions>
</Modal>"
`;
