// Jest Snapshot v1, https://goo.gl/fbAQLP

exports[`SiteHeader renders 1`] = `
<h2>
  Mood Tracker
</h2>
`;
