// Jest Snapshot v1, https://goo.gl/fbAQLP

exports[`App renders 1`] = `
"<Provider store={{...}}>
  <PersistGate loading={{...}} persistor={{...}}>
    <Home />
  </PersistGate>
</Provider>"
`;
