// Jest Snapshot v1, https://goo.gl/fbAQLP

exports[`LineChart renders default 1`] = `
"<div id=\\"chart\\">
  <r options={{...}} series={{...}} type=\\"line\\" height={350} width=\\"100%\\" />
</div>"
`;
