// Jest Snapshot v1, https://goo.gl/fbAQLP

exports[`EditEntryModal renders 1`] = `
"<Modal closeIcon={true} open={false} onClose={[Function: onClose]} centered={true} dimmer={true} closeOnDimmerClick={true} closeOnDocumentClick={false} eventPool=\\"Modal\\">
  <Header icon=\\"archive\\" content=\\"header\\" />
  <ModalContent>
    <Dropdown placeholder=\\"moodStatus.placeholder\\" fluid={true} selection={true} options={{...}} onChange={[Function: addEntry]} defaultValue=\\"\\" additionLabel=\\"Add \\" additionPosition=\\"top\\" closeOnBlur={true} closeOnEscape={true} deburr={false} icon=\\"dropdown\\" minCharacters={1} noResultsMessage=\\"No results found.\\" openOnFocus={true} renderLabel={[Function: renderItemContent]} searchInput=\\"text\\" selectOnBlur={true} selectOnNavigation={true} wrapSelection={true} />
    <Dropdown placeholder=\\"intensity.placeholder\\" fluid={true} selection={true} options={{...}} onChange={[Function: addIntensity]} defaultValue=\\"\\" additionLabel=\\"Add \\" additionPosition=\\"top\\" closeOnBlur={true} closeOnEscape={true} deburr={false} icon=\\"dropdown\\" minCharacters={1} noResultsMessage=\\"No results found.\\" openOnFocus={true} renderLabel={[Function: renderItemContent]} searchInput=\\"text\\" selectOnBlur={true} selectOnNavigation={true} wrapSelection={true} />
  </ModalContent>
  <ModalActions>
    <Button color=\\"red\\" onClick={[Function: onClick]} as=\\"button\\">
      <Icon name=\\"remove\\" as=\\"i\\" />
       No
    </Button>
    <Button color=\\"green\\" onClick={[Function: editMoodEntry]} as=\\"button\\">
      <Icon name=\\"checkmark\\" as=\\"i\\" />
       Yes
    </Button>
  </ModalActions>
</Modal>"
`;
