// Jest Snapshot v1, https://goo.gl/fbAQLP

exports[`SiteHeader renders displays header entries for authenticated user 1`] = `
"<Menu pointing={true} secondary={true} className=\\"site-header\\">
  <MenuItem header={true}>
    <Header as=\\"h3\\">
      header
    </Header>
  </MenuItem>
  <MenuItem active={false}>
    <mockConstructor id=\\"mood-entry\\" to=\\"/mood-entry\\">
      moodEntry
    </mockConstructor>
  </MenuItem>
  <MenuItem active={false}>
    <mockConstructor id=\\"statistics\\" to=\\"/statistics\\">
      statistics
    </mockConstructor>
  </MenuItem>
  <MenuMenu position=\\"right\\">
    <MenuItem position=\\"right\\">
      Location permission not provided
    </MenuItem>
    <Dropdown id=\\"toggle-menu\\" item={true} text=\\"\\" additionLabel=\\"Add \\" additionPosition=\\"top\\" closeOnBlur={true} closeOnEscape={true} deburr={false} icon=\\"dropdown\\" minCharacters={1} noResultsMessage=\\"No results found.\\" openOnFocus={true} renderLabel={[Function: renderItemContent]} searchInput=\\"text\\" selectOnBlur={true} selectOnNavigation={true} wrapSelection={true}>
      <DropdownMenu>
        <DropdownItem onClick={[Function: onClick]}>
          menu.actions.location
        </DropdownItem>
        <DropdownItem id=\\"change-language\\" onClick={[Function: updateLanguage]}>
          menu.actions.changeLanguage
        </DropdownItem>
        <DropdownItem id=\\"logout\\" onClick={[Function: logout]}>
          menu.actions.logout
        </DropdownItem>
      </DropdownMenu>
    </Dropdown>
  </MenuMenu>
  <LocationModal displayModal={false} closeModal={[Function: closeLocationModal]} />
</Menu>"
`;

exports[`SiteHeader renders only displays header for unauthenticated user 1`] = `
"<Menu pointing={true} secondary={true} className=\\"site-header\\">
  <MenuItem header={true}>
    <Header as=\\"h3\\">
      header
    </Header>
  </MenuItem>
</Menu>"
`;
