// Jest Snapshot v1, https://goo.gl/fbAQLP

exports[`App.vue renders 1`] = `SiteHeader`;
